
[1m[46m RUN [49m[22m [36mv4.0.15 [39m[90mC:/Users/fhdib/.gemini/antigravity/scratch/Marjahan-s[39m

